[backblue.gif]
[fade.gif]
[index.html]
[pingouin-stats.org/_static/documentation_options.js]
[pingouin-stats.org/_static/jquery.js]
[pingouin-stats.org/_static/underscore.js]
[pingouin-stats.org/_static/doctools.js]
[pingouin-stats.org/_static/language_data.js]
[pingouin-stats.org/_static/clipboard.min.js]
[pingouin-stats.org/_static/copybutton.js]
[cdnjs.cloudflare.com/ajax/libs/mathjax/2.7.5/latestdda6.js]
[pingouin-stats.org/_static/js/jquery-1.12.4.min.js]
[pingouin-stats.org/_static/js/jquery-fix.js]
[pingouin-stats.org/_static/bootstrap-3.4.1/js/bootstrap.min.js]
[pingouin-stats.org/_static/bootstrap-sphinx.js]
[pingouin-stats.org/_static/pingouin.png]
[pingouin-stats.org/_images/logo_pingouin.png]
[pingouin-stats.org/_images/index-1.png]
[pingouin-stats.org/_images/index-2.png]
[pingouin-stats.org/_images/index-3.png]
[pingouin-stats.org/_images/index-4.png]
[pingouin-stats.org/index.html]
[pingouin-stats.org/_static/bootstrap-sphinx.css]
[pingouin-stats.org/_static/pygments.css]
[pingouin-stats.org/_static/plot_directive.css]
[pingouin-stats.org/_static/copybutton.css]
[pingouin-stats.org/_static/style.css]
[pingouin-stats.org/_static/panels-main.c949a650a448cc0ae9fd3441c0e17fb0.css]
[pingouin-stats.org/_static/panels-variables.06eb56fa6e07937060861dad626602ad.css]
[pingouin-stats.org/_static/pingouin_blue.svg]
[pingouin-stats.org/genindex.html]
[pingouin-stats.org/_static/searchtools.js]
[pingouin-stats.org/searchindex.js]
[pingouin-stats.org/_static/js/jquery-1.11.0.min.js]
[pingouin-stats.org/_static/bootstrap-3.3.7/js/bootstrap.min.js]
[pingouin-stats.org/search.html]
[pingouin-stats.org/api.html]
[pingouin-stats.org/guidelines.html]
[pingouin-stats.org/_images/github_watch_release.png]
[pingouin-stats.org/faq.html]
[pingouin-stats.org/changelog.html]
[pingouin-stats.org/_images/github_checks.png]
[pingouin-stats.org/_images/github_build_artifacts.png]
[pingouin-stats.org/contributing.html]
[pingouin-stats.org/generated/pingouin.normality.html]
[pingouin-stats.org/generated/pingouin.anova.html]
[pingouin-stats.org/generated/pingouin.ancova.html]
[pingouin-stats.org/generated/pingouin.rm_anova.html]
[pingouin-stats.org/generated/pingouin.mixed_anova.html]
[pingouin-stats.org/generated/pingouin.welch_anova.html]
[pingouin-stats.org/generated/pingouin.pairwise_ttests.html]
[pingouin-stats.org/generated/pingouin.pairwise_tukey.html]
[pingouin-stats.org/generated/pingouin.pairwise_corr.html]
[pingouin-stats.org/generated/pingouin.partial_corr.html]
[pingouin-stats.org/generated/pingouin.pcorr.html]
[pingouin-stats.org/generated/pingouin.rcorr.html]
[pingouin-stats.org/generated/pingouin.mediation_analysis.html]
[pingouin-stats.org/_static/file.png]
[pingouin-stats.org/_static/basic.css]
[pingouin-stats.org/_static/bootswatch-3.4.1/fonts/glyphicons-halflings-regular.eot]
[pingouin-stats.org/_static/bootswatch-3.4.1/fonts/glyphicons-halflings-regulard41d.eot]
[pingouin-stats.org/_static/bootswatch-3.4.1/fonts/glyphicons-halflings-regular.woff2]
[pingouin-stats.org/_static/bootswatch-3.4.1/fonts/glyphicons-halflings-regular.woff]
[pingouin-stats.org/_static/bootswatch-3.4.1/fonts/glyphicons-halflings-regular.ttf]
[pingouin-stats.org/_static/bootswatch-3.4.1/readable/bootstrap.min.css]
[pingouin-stats.org/generated/pingouin.anderson.html]
[pingouin-stats.org/generated/pingouin.bayesfactor_binom.html]
[pingouin-stats.org/generated/pingouin.bayesfactor_pearson.html]
[pingouin-stats.org/generated/pingouin.bayesfactor_ttest.html]
[pingouin-stats.org/generated/pingouin.box_m.html]
[pingouin-stats.org/generated/pingouin.chi2_independence.html]
[pingouin-stats.org/generated/pingouin.chi2_mcnemar.html]
[pingouin-stats.org/generated/pingouin.circ_axial.html]
[pingouin-stats.org/generated/pingouin.circ_corrcc.html]
[pingouin-stats.org/generated/pingouin.circ_corrcl.html]
[pingouin-stats.org/generated/pingouin.circ_mean.html]
[pingouin-stats.org/generated/pingouin.circ_r.html]
[pingouin-stats.org/generated/pingouin.circ_rayleigh.html]
[pingouin-stats.org/generated/pingouin.circ_vtest.html]
[pingouin-stats.org/generated/pingouin.cochran.html]
[pingouin-stats.org/generated/pingouin.compute_bootci.html]
[pingouin-stats.org/generated/pingouin.compute_effsize.html]
[pingouin-stats.org/generated/pingouin.compute_effsize_from_t.html]
[pingouin-stats.org/generated/pingouin.compute_esci.html]
[pingouin-stats.org/generated/pingouin.convert_angles.html]
[pingouin-stats.org/generated/pingouin.convert_effsize.html]
[pingouin-stats.org/generated/pingouin.corr.html]
[pingouin-stats.org/generated/pingouin.cronbach_alpha.html]
[pingouin-stats.org/generated/pingouin.dichotomous_crosstab.html]
[pingouin-stats.org/generated/pingouin.distance_corr.html]
[pingouin-stats.org/generated/pingouin.epsilon.html]
[pingouin-stats.org/generated/pingouin.friedman.html]
[pingouin-stats.org/generated/pingouin.gzscore.html]
[pingouin-stats.org/generated/pingouin.harrelldavis.html]
[pingouin-stats.org/generated/pingouin.homoscedasticity.html]
[pingouin-stats.org/generated/pingouin.intraclass_corr.html]
[pingouin-stats.org/generated/pingouin.kruskal.html]
[pingouin-stats.org/generated/pingouin.linear_regression.html]
[pingouin-stats.org/generated/pingouin.list_dataset.html]
[pingouin-stats.org/generated/pingouin.logistic_regression.html]
[pingouin-stats.org/generated/pingouin.mad.html]
[pingouin-stats.org/generated/pingouin.madmedianrule.html]
[pingouin-stats.org/generated/pingouin.multicomp.html]
[pingouin-stats.org/generated/pingouin.multivariate_normality.html]
[pingouin-stats.org/generated/pingouin.multivariate_ttest.html]
[pingouin-stats.org/generated/pingouin.mwu.html]
[pingouin-stats.org/generated/pingouin.pairwise_gameshowell.html]
[pingouin-stats.org/_images/pingouin-plot_blandaltman-1.png]
[pingouin-stats.org/generated/pingouin.plot_blandaltman.html]
[pingouin-stats.org/_images/pingouin-plot_circmean-1.png]
[pingouin-stats.org/_images/pingouin-plot_circmean-2.png]
[pingouin-stats.org/_images/pingouin-plot_circmean-3.png]
[pingouin-stats.org/generated/pingouin.plot_circmean.html]
[pingouin-stats.org/_images/pingouin-plot_paired-1.png]
[pingouin-stats.org/_images/pingouin-plot_paired-2.png]
[pingouin-stats.org/_images/pingouin-plot_paired-3.png]
[pingouin-stats.org/_images/pingouin-plot_paired-4.png]
[pingouin-stats.org/generated/pingouin.plot_paired.html]
[pingouin-stats.org/_images/pingouin-plot_rm_corr-1.png]
[pingouin-stats.org/_images/pingouin-plot_rm_corr-2.png]
[pingouin-stats.org/generated/pingouin.plot_rm_corr.html]
[pingouin-stats.org/_images/pingouin-plot_shift-1.png]
[pingouin-stats.org/_images/pingouin-plot_shift-2.png]
[pingouin-stats.org/generated/pingouin.plot_shift.html]
[pingouin-stats.org/generated/pingouin.power_anova.html]
[pingouin-stats.org/generated/pingouin.power_chi2.html]
[pingouin-stats.org/generated/pingouin.power_corr.html]
[pingouin-stats.org/generated/pingouin.power_rm_anova.html]
[pingouin-stats.org/generated/pingouin.power_ttest.html]
[pingouin-stats.org/generated/pingouin.power_ttest2n.html]
[pingouin-stats.org/generated/pingouin.print_table.html]
[pingouin-stats.org/_images/pingouin-qqplot-1.png]
[pingouin-stats.org/_images/pingouin-qqplot-2.png]
[pingouin-stats.org/_images/pingouin-qqplot-3.png]
[pingouin-stats.org/generated/pingouin.qqplot.html]
[pingouin-stats.org/generated/pingouin.read_dataset.html]
[pingouin-stats.org/generated/pingouin.remove_na.html]
[pingouin-stats.org/_images/pingouin-rm_corr-1.png]
[pingouin-stats.org/generated/pingouin.rm_corr.html]
[pingouin-stats.org/generated/pingouin.set_default_options.html]
[pingouin-stats.org/generated/pingouin.sphericity.html]
[pingouin-stats.org/generated/pingouin.tost.html]
[pingouin-stats.org/generated/pingouin.ttest.html]
[pingouin-stats.org/generated/pingouin.wilcoxon.html]
[pingouin-stats.org/_images/flowchart_one_way_ANOVA.svg]
[pingouin-stats.org/_images/flowchart_correlations.svg]
[pingouin-stats.org/_images/flowchart_nonparametric.svg]
[pingouin-stats.org/_static/bootswatch-3.4.1/fonts/glyphicons-halflings-regular.svg]
